// Jest Snapshot v1, https://goo.gl/fbAQLP

exports[`Portfolio component matches snapshot DOM node structure 1`] = `
<DocumentFragment>
  <section>
    <div
      class="flex-row"
    >
      <span>
        <h1
          class="mx-1"
        >
          Ez-Stream
        </h1>
        <img
          alt="Ez-Stream project example"
          class="img-thumbnail mx-1"
          src="ez-stream.png"
        />
      </span>
    </div>
    <div
      class="flex-row"
    >
      <span>
        <h1
          class="mx-1"
        >
          Tech|nicality
        </h1>
        <img
          alt="Ez-Stream project example"
          class="img-thumbnail mx-1"
          src="ez-stream.png"
        />
      </span>
    </div>
    <div
      class="flex-row"
    >
      <span>
        <h1
          class="mx-1"
        >
          Band Site
        </h1>
        <img
          alt="Ez-Stream project example"
          class="img-thumbnail mx-1"
          src="ez-stream.png"
        />
      </span>
    </div>
    <div
      class="flex-row"
    >
      <span>
        <h1
          class="mx-1"
        >
          Budget Tracker
        </h1>
        <img
          alt="Ez-Stream project example"
          class="img-thumbnail mx-1"
          src="ez-stream.png"
        />
      </span>
    </div>
    <div
      class="flex-row"
    >
      <span>
        <h1
          class="mx-1"
        >
          Social Network Api
        </h1>
        <img
          alt="Ez-Stream project example"
          class="img-thumbnail mx-1"
          src="ez-stream.png"
        />
      </span>
    </div>
    <div
      class="flex-row"
    >
      <span>
        <h1
          class="mx-1"
        >
          Employee Tracker
        </h1>
        <img
          alt="Ez-Stream project example"
          class="img-thumbnail mx-1"
          src="ez-stream.png"
        />
      </span>
    </div>
  </section>
</DocumentFragment>
`;
